// Jest Snapshot v1, https://goo.gl/fbAQLP

exports[`verdocs-spinner renders with custom size and mode 1`] = `<verdocs-spinner mode="dark" size="48" style="width: 48px; height: 48px; flex: 0 0 48px; border: 3px solid rgba(0, 0, 0, 0.3); border-top-color: #333;"></verdocs-spinner>`;

exports[`verdocs-spinner renders with default props 1`] = `<verdocs-spinner style="width: 32px; height: 32px; flex: 0 0 32px; border: 3px solid rgba(255, 255, 255, 0.3); border-top-color: #fff;"></verdocs-spinner>`;
