// Jest Snapshot v1, https://goo.gl/fbAQLP

exports[`search-quick-functions renders 1`] = `
<verdocs-quick-functions>
  <div class="container">
    <p class="title">
      Quick Create
    </p>
    <button>
      <svg enable-background="new 0 0 24 24" fill="#000000" height="24px" viewBox="0 0 24 24" width="24px" xmlns="http://www.w3.org/2000/svg">
        <g>
          <rect fill="none" height="24" width="24"></rect>
          <g>
            <path d="M19,5v14H5V5H19 M19,3H5C3.9,3,3,3.9,3,5v14c0,1.1,0.9,2,2,2h14c1.1,0,2-0.9,2-2V5C21,3.9,20.1,3,19,3L19,3z"></path>
          </g>
          <path d="M14,17H7v-2h7V17z M17,13H7v-2h10V13z M17,9H7V7h10V9z"></path>
        </g>
      </svg>
      Template
    </button>
    <button>
      <svg fill="#000000" height="24px" viewBox="0 0 24 24" width="24px" xmlns="http://www.w3.org/2000/svg">
        <path d="M0 0h24v24H0V0z" fill="none"></path>
        <path d="M8 16h8v2H8zm0-4h8v2H8zm6-10H6c-1.1 0-2 .9-2 2v16c0 1.1.89 2 1.99 2H18c1.1 0 2-.9 2-2V8l-6-6zm4 18H6V4h7v5h5v11z"></path>
      </svg>
      Document
    </button>
  </div>
</verdocs-quick-functions>
`;
