// Jest Snapshot v1, https://goo.gl/fbAQLP

exports[`verdocs-loader renders correctly 1`] = `<verdocs-loader></verdocs-loader>`;
